[2025-05-05 19:22:56Z INFO HostContext] No proxy settings were found based on environmental variables (http_proxy/https_proxy/HTTP_PROXY/HTTPS_PROXY)
[2025-05-05 19:22:56Z INFO HostContext] Well known directory 'Bin': 'E:\Database versioning using github actions\DB-migrations\actions-runner\bin'
[2025-05-05 19:22:56Z INFO HostContext] Well known directory 'Root': 'E:\Database versioning using github actions\DB-migrations\actions-runner'
[2025-05-05 19:22:56Z INFO HostContext] Well known config file 'Credentials': 'E:\Database versioning using github actions\DB-migrations\actions-runner\.credentials'
[2025-05-05 19:22:56Z INFO HostContext] Well known directory 'Bin': 'E:\Database versioning using github actions\DB-migrations\actions-runner\bin'
[2025-05-05 19:22:56Z INFO HostContext] Well known directory 'Root': 'E:\Database versioning using github actions\DB-migrations\actions-runner'
[2025-05-05 19:22:56Z INFO HostContext] Well known config file 'Runner': 'E:\Database versioning using github actions\DB-migrations\actions-runner\.runner'
[2025-05-05 19:22:56Z INFO Listener] Runner is built for Windows (X64) - win-x64.
[2025-05-05 19:22:56Z INFO Listener] RuntimeInformation: Microsoft Windows 10.0.19045.
[2025-05-05 19:22:56Z INFO Listener] Version: 2.323.0
[2025-05-05 19:22:56Z INFO Listener] Commit: d8b82f44a9ec0258904d5869ae683c31d5aac299
[2025-05-05 19:22:56Z INFO Listener] Culture: en-IN
[2025-05-05 19:22:56Z INFO Listener] UI Culture: en-US
[2025-05-05 19:22:56Z INFO HostContext] Well known directory 'Bin': 'E:\Database versioning using github actions\DB-migrations\actions-runner\bin'
[2025-05-05 19:22:56Z INFO HostContext] Well known directory 'Root': 'E:\Database versioning using github actions\DB-migrations\actions-runner'
[2025-05-05 19:22:56Z INFO Listener] Validating directory permissions for: 'E:\Database versioning using github actions\DB-migrations\actions-runner'
[2025-05-05 19:22:56Z INFO CommandLineParser] Parse
[2025-05-05 19:22:56Z INFO CommandLineParser] Parsing 1 args
[2025-05-05 19:22:56Z INFO CommandLineParser] parsing argument
[2025-05-05 19:22:56Z INFO CommandLineParser] HasArgs: False
[2025-05-05 19:22:56Z INFO CommandLineParser] Adding Command: configure
[2025-05-05 19:22:56Z INFO Listener] Arguments parsed
[2025-05-05 19:22:56Z INFO Runner] ExecuteCommand
[2025-05-05 19:22:56Z INFO ConfigurationStore] currentAssemblyLocation: E:\Database versioning using github actions\DB-migrations\actions-runner\bin\Runner.Listener.dll
[2025-05-05 19:22:56Z INFO HostContext] Well known directory 'Bin': 'E:\Database versioning using github actions\DB-migrations\actions-runner\bin'
[2025-05-05 19:22:56Z INFO ConfigurationStore] binPath: E:\Database versioning using github actions\DB-migrations\actions-runner\bin
[2025-05-05 19:22:56Z INFO HostContext] Well known directory 'Bin': 'E:\Database versioning using github actions\DB-migrations\actions-runner\bin'
[2025-05-05 19:22:56Z INFO HostContext] Well known directory 'Root': 'E:\Database versioning using github actions\DB-migrations\actions-runner'
[2025-05-05 19:22:56Z INFO ConfigurationStore] RootFolder: E:\Database versioning using github actions\DB-migrations\actions-runner
[2025-05-05 19:22:56Z INFO HostContext] Well known directory 'Bin': 'E:\Database versioning using github actions\DB-migrations\actions-runner\bin'
[2025-05-05 19:22:56Z INFO HostContext] Well known directory 'Root': 'E:\Database versioning using github actions\DB-migrations\actions-runner'
[2025-05-05 19:22:56Z INFO HostContext] Well known config file 'Runner': 'E:\Database versioning using github actions\DB-migrations\actions-runner\.runner'
[2025-05-05 19:22:56Z INFO ConfigurationStore] ConfigFilePath: E:\Database versioning using github actions\DB-migrations\actions-runner\.runner
[2025-05-05 19:22:56Z INFO HostContext] Well known directory 'Bin': 'E:\Database versioning using github actions\DB-migrations\actions-runner\bin'
[2025-05-05 19:22:56Z INFO HostContext] Well known directory 'Root': 'E:\Database versioning using github actions\DB-migrations\actions-runner'
[2025-05-05 19:22:56Z INFO HostContext] Well known config file 'MigratedRunner': 'E:\Database versioning using github actions\DB-migrations\actions-runner\.runner_migrated'
[2025-05-05 19:22:56Z INFO ConfigurationStore] MigratedConfigFilePath: E:\Database versioning using github actions\DB-migrations\actions-runner\.runner_migrated
[2025-05-05 19:22:56Z INFO HostContext] Well known directory 'Bin': 'E:\Database versioning using github actions\DB-migrations\actions-runner\bin'
[2025-05-05 19:22:56Z INFO HostContext] Well known directory 'Root': 'E:\Database versioning using github actions\DB-migrations\actions-runner'
[2025-05-05 19:22:56Z INFO HostContext] Well known config file 'Credentials': 'E:\Database versioning using github actions\DB-migrations\actions-runner\.credentials'
[2025-05-05 19:22:56Z INFO ConfigurationStore] CredFilePath: E:\Database versioning using github actions\DB-migrations\actions-runner\.credentials
[2025-05-05 19:22:56Z INFO HostContext] Well known directory 'Bin': 'E:\Database versioning using github actions\DB-migrations\actions-runner\bin'
[2025-05-05 19:22:56Z INFO HostContext] Well known directory 'Root': 'E:\Database versioning using github actions\DB-migrations\actions-runner'
[2025-05-05 19:22:56Z INFO HostContext] Well known config file 'MigratedCredentials': 'E:\Database versioning using github actions\DB-migrations\actions-runner\.credentials_migrated'
[2025-05-05 19:22:56Z INFO ConfigurationStore] MigratedCredFilePath: E:\Database versioning using github actions\DB-migrations\actions-runner\.credentials_migrated
[2025-05-05 19:22:56Z INFO HostContext] Well known directory 'Bin': 'E:\Database versioning using github actions\DB-migrations\actions-runner\bin'
[2025-05-05 19:22:56Z INFO HostContext] Well known directory 'Root': 'E:\Database versioning using github actions\DB-migrations\actions-runner'
[2025-05-05 19:22:56Z INFO HostContext] Well known config file 'Service': 'E:\Database versioning using github actions\DB-migrations\actions-runner\.service'
[2025-05-05 19:22:56Z INFO ConfigurationStore] ServiceConfigFilePath: E:\Database versioning using github actions\DB-migrations\actions-runner\.service
[2025-05-05 19:22:56Z INFO CommandSettings] Flag 'help': 'False'
[2025-05-05 19:22:56Z INFO CommandSettings] Flag 'version': 'False'
[2025-05-05 19:22:56Z INFO CommandSettings] Flag 'commit': 'False'
[2025-05-05 19:22:56Z INFO CommandSettings] Flag 'check': 'False'
[2025-05-05 19:22:56Z INFO CommandSettings] Command 'configure': 'True'
[2025-05-05 19:22:56Z INFO Terminal] WRITE LINE: 
[2025-05-05 19:22:56Z INFO Terminal] WRITE LINE: --------------------------------------------------------------------------------
[2025-05-05 19:22:56Z INFO Terminal] WRITE LINE: |        ____ _ _   _   _       _          _        _   _                      |
[2025-05-05 19:22:56Z INFO Terminal] WRITE LINE: |       / ___(_) |_| | | |_   _| |__      / \   ___| |_(_) ___  _ __  ___      |
[2025-05-05 19:22:56Z INFO Terminal] WRITE LINE: |      | |  _| | __| |_| | | | | '_ \    / _ \ / __| __| |/ _ \| '_ \/ __|     |
[2025-05-05 19:22:56Z INFO Terminal] WRITE LINE: |      | |_| | | |_|  _  | |_| | |_) |  / ___ \ (__| |_| | (_) | | | \__ \     |
[2025-05-05 19:22:56Z INFO Terminal] WRITE LINE: |       \____|_|\__|_| |_|\__,_|_.__/  /_/   \_\___|\__|_|\___/|_| |_|___/     |
[2025-05-05 19:22:56Z INFO Terminal] WRITE LINE: |                                                                              |
[2025-05-05 19:22:56Z INFO Terminal] WRITE: |                       
[2025-05-05 19:22:56Z INFO Terminal] WRITE: Self-hosted runner registration
[2025-05-05 19:22:56Z INFO Terminal] WRITE LINE:                         |
[2025-05-05 19:22:56Z INFO Terminal] WRITE LINE: |                                                                              |
[2025-05-05 19:22:56Z INFO Terminal] WRITE LINE: --------------------------------------------------------------------------------
[2025-05-05 19:22:56Z INFO ConfigurationManager] ConfigureAsync
[2025-05-05 19:22:56Z INFO CommandSettings] Flag 'generateServiceConfig': 'False'
[2025-05-05 19:22:56Z INFO ConfigurationStore] IsConfigured()
[2025-05-05 19:22:56Z INFO ConfigurationStore] IsConfigured: True
[2025-05-05 19:22:56Z INFO ConfigurationManager] Is configured: True
[2025-05-05 19:22:56Z ERR  Runner] System.InvalidOperationException: Cannot configure the runner because it is already configured. To reconfigure the runner, run 'config.cmd remove' or './config.sh remove' first.
   at GitHub.Runner.Listener.Configuration.ConfigurationManager.ConfigureAsync(CommandSettings command)
   at GitHub.Runner.Listener.Runner.ExecuteCommand(CommandSettings command)
[2025-05-05 19:22:56Z ERR  Terminal] WRITE ERROR: Cannot configure the runner because it is already configured. To reconfigure the runner, run 'config.cmd remove' or './config.sh remove' first.
[2025-05-05 19:22:56Z INFO Listener] Runner execution has finished with return code 1
