[2025-05-05 19:10:03Z INFO HostContext] No proxy settings were found based on environmental variables (http_proxy/https_proxy/HTTP_PROXY/HTTPS_PROXY)
[2025-05-05 19:10:03Z INFO HostContext] Well known directory 'Bin': 'E:\Database versioning using github actions\DB-migrations\actions-runner\bin'
[2025-05-05 19:10:03Z INFO HostContext] Well known directory 'Root': 'E:\Database versioning using github actions\DB-migrations\actions-runner'
[2025-05-05 19:10:03Z INFO HostContext] Well known config file 'Credentials': 'E:\Database versioning using github actions\DB-migrations\actions-runner\.credentials'
[2025-05-05 19:10:03Z INFO HostContext] Well known directory 'Bin': 'E:\Database versioning using github actions\DB-migrations\actions-runner\bin'
[2025-05-05 19:10:03Z INFO HostContext] Well known directory 'Root': 'E:\Database versioning using github actions\DB-migrations\actions-runner'
[2025-05-05 19:10:03Z INFO HostContext] Well known config file 'Runner': 'E:\Database versioning using github actions\DB-migrations\actions-runner\.runner'
[2025-05-05 19:10:03Z INFO Listener] Runner is built for Windows (X64) - win-x64.
[2025-05-05 19:10:03Z INFO Listener] RuntimeInformation: Microsoft Windows 10.0.19045.
[2025-05-05 19:10:03Z INFO Listener] Version: 2.323.0
[2025-05-05 19:10:03Z INFO Listener] Commit: d8b82f44a9ec0258904d5869ae683c31d5aac299
[2025-05-05 19:10:03Z INFO Listener] Culture: en-IN
[2025-05-05 19:10:03Z INFO Listener] UI Culture: en-US
[2025-05-05 19:10:03Z INFO HostContext] Well known directory 'Bin': 'E:\Database versioning using github actions\DB-migrations\actions-runner\bin'
[2025-05-05 19:10:03Z INFO HostContext] Well known directory 'Root': 'E:\Database versioning using github actions\DB-migrations\actions-runner'
[2025-05-05 19:10:03Z INFO Listener] Validating directory permissions for: 'E:\Database versioning using github actions\DB-migrations\actions-runner'
[2025-05-05 19:10:03Z INFO CommandLineParser] Parse
[2025-05-05 19:10:03Z INFO CommandLineParser] Parsing 1 args
[2025-05-05 19:10:03Z INFO CommandLineParser] parsing argument
[2025-05-05 19:10:03Z INFO CommandLineParser] HasArgs: False
[2025-05-05 19:10:03Z INFO CommandLineParser] Adding Command: configure
[2025-05-05 19:10:03Z INFO Listener] Arguments parsed
[2025-05-05 19:10:03Z INFO Runner] ExecuteCommand
[2025-05-05 19:10:03Z INFO ConfigurationStore] currentAssemblyLocation: E:\Database versioning using github actions\DB-migrations\actions-runner\bin\Runner.Listener.dll
[2025-05-05 19:10:03Z INFO HostContext] Well known directory 'Bin': 'E:\Database versioning using github actions\DB-migrations\actions-runner\bin'
[2025-05-05 19:10:03Z INFO ConfigurationStore] binPath: E:\Database versioning using github actions\DB-migrations\actions-runner\bin
[2025-05-05 19:10:03Z INFO HostContext] Well known directory 'Bin': 'E:\Database versioning using github actions\DB-migrations\actions-runner\bin'
[2025-05-05 19:10:03Z INFO HostContext] Well known directory 'Root': 'E:\Database versioning using github actions\DB-migrations\actions-runner'
[2025-05-05 19:10:03Z INFO ConfigurationStore] RootFolder: E:\Database versioning using github actions\DB-migrations\actions-runner
[2025-05-05 19:10:03Z INFO HostContext] Well known directory 'Bin': 'E:\Database versioning using github actions\DB-migrations\actions-runner\bin'
[2025-05-05 19:10:03Z INFO HostContext] Well known directory 'Root': 'E:\Database versioning using github actions\DB-migrations\actions-runner'
[2025-05-05 19:10:03Z INFO HostContext] Well known config file 'Runner': 'E:\Database versioning using github actions\DB-migrations\actions-runner\.runner'
[2025-05-05 19:10:03Z INFO ConfigurationStore] ConfigFilePath: E:\Database versioning using github actions\DB-migrations\actions-runner\.runner
[2025-05-05 19:10:03Z INFO HostContext] Well known directory 'Bin': 'E:\Database versioning using github actions\DB-migrations\actions-runner\bin'
[2025-05-05 19:10:03Z INFO HostContext] Well known directory 'Root': 'E:\Database versioning using github actions\DB-migrations\actions-runner'
[2025-05-05 19:10:03Z INFO HostContext] Well known config file 'MigratedRunner': 'E:\Database versioning using github actions\DB-migrations\actions-runner\.runner_migrated'
[2025-05-05 19:10:03Z INFO ConfigurationStore] MigratedConfigFilePath: E:\Database versioning using github actions\DB-migrations\actions-runner\.runner_migrated
[2025-05-05 19:10:03Z INFO HostContext] Well known directory 'Bin': 'E:\Database versioning using github actions\DB-migrations\actions-runner\bin'
[2025-05-05 19:10:03Z INFO HostContext] Well known directory 'Root': 'E:\Database versioning using github actions\DB-migrations\actions-runner'
[2025-05-05 19:10:03Z INFO HostContext] Well known config file 'Credentials': 'E:\Database versioning using github actions\DB-migrations\actions-runner\.credentials'
[2025-05-05 19:10:03Z INFO ConfigurationStore] CredFilePath: E:\Database versioning using github actions\DB-migrations\actions-runner\.credentials
[2025-05-05 19:10:03Z INFO HostContext] Well known directory 'Bin': 'E:\Database versioning using github actions\DB-migrations\actions-runner\bin'
[2025-05-05 19:10:03Z INFO HostContext] Well known directory 'Root': 'E:\Database versioning using github actions\DB-migrations\actions-runner'
[2025-05-05 19:10:03Z INFO HostContext] Well known config file 'MigratedCredentials': 'E:\Database versioning using github actions\DB-migrations\actions-runner\.credentials_migrated'
[2025-05-05 19:10:03Z INFO ConfigurationStore] MigratedCredFilePath: E:\Database versioning using github actions\DB-migrations\actions-runner\.credentials_migrated
[2025-05-05 19:10:03Z INFO HostContext] Well known directory 'Bin': 'E:\Database versioning using github actions\DB-migrations\actions-runner\bin'
[2025-05-05 19:10:03Z INFO HostContext] Well known directory 'Root': 'E:\Database versioning using github actions\DB-migrations\actions-runner'
[2025-05-05 19:10:03Z INFO HostContext] Well known config file 'Service': 'E:\Database versioning using github actions\DB-migrations\actions-runner\.service'
[2025-05-05 19:10:03Z INFO ConfigurationStore] ServiceConfigFilePath: E:\Database versioning using github actions\DB-migrations\actions-runner\.service
[2025-05-05 19:10:03Z INFO CommandSettings] Flag 'help': 'False'
[2025-05-05 19:10:03Z INFO CommandSettings] Flag 'version': 'False'
[2025-05-05 19:10:03Z INFO CommandSettings] Flag 'commit': 'False'
[2025-05-05 19:10:03Z INFO CommandSettings] Flag 'check': 'False'
[2025-05-05 19:10:03Z INFO CommandSettings] Command 'configure': 'True'
[2025-05-05 19:10:03Z INFO Terminal] WRITE LINE: 
[2025-05-05 19:10:03Z INFO Terminal] WRITE LINE: --------------------------------------------------------------------------------
[2025-05-05 19:10:03Z INFO Terminal] WRITE LINE: |        ____ _ _   _   _       _          _        _   _                      |
[2025-05-05 19:10:03Z INFO Terminal] WRITE LINE: |       / ___(_) |_| | | |_   _| |__      / \   ___| |_(_) ___  _ __  ___      |
[2025-05-05 19:10:03Z INFO Terminal] WRITE LINE: |      | |  _| | __| |_| | | | | '_ \    / _ \ / __| __| |/ _ \| '_ \/ __|     |
[2025-05-05 19:10:03Z INFO Terminal] WRITE LINE: |      | |_| | | |_|  _  | |_| | |_) |  / ___ \ (__| |_| | (_) | | | \__ \     |
[2025-05-05 19:10:03Z INFO Terminal] WRITE LINE: |       \____|_|\__|_| |_|\__,_|_.__/  /_/   \_\___|\__|_|\___/|_| |_|___/     |
[2025-05-05 19:10:03Z INFO Terminal] WRITE LINE: |                                                                              |
[2025-05-05 19:10:03Z INFO Terminal] WRITE: |                       
[2025-05-05 19:10:03Z INFO Terminal] WRITE: Self-hosted runner registration
[2025-05-05 19:10:03Z INFO Terminal] WRITE LINE:                         |
[2025-05-05 19:10:03Z INFO Terminal] WRITE LINE: |                                                                              |
[2025-05-05 19:10:03Z INFO Terminal] WRITE LINE: --------------------------------------------------------------------------------
[2025-05-05 19:10:03Z INFO ConfigurationManager] ConfigureAsync
[2025-05-05 19:10:03Z INFO CommandSettings] Flag 'generateServiceConfig': 'False'
[2025-05-05 19:10:03Z INFO ConfigurationStore] IsConfigured()
[2025-05-05 19:10:03Z INFO ConfigurationStore] IsConfigured: False
[2025-05-05 19:10:03Z INFO ConfigurationManager] Is configured: False
[2025-05-05 19:10:03Z INFO CommandSettings] Arg 'url': ''
[2025-05-05 19:10:03Z INFO CommandSettings] Flag 'unattended': 'False'
[2025-05-05 19:10:03Z INFO PromptManager] ReadValue
[2025-05-05 19:10:03Z INFO Terminal] WRITE: What is the URL of your repository? 
[2025-05-05 19:10:03Z INFO Terminal] READ LINE
[2025-05-05 19:11:45Z INFO Terminal] Read value: ''
[2025-05-05 19:11:45Z INFO Terminal] WRITE: What is the URL of your repository? 
[2025-05-05 19:11:45Z INFO Terminal] READ LINE
[2025-05-05 19:11:47Z INFO Terminal] Read value: 'https://github.com/suni170/DB-migrations'
[2025-05-05 19:11:47Z INFO CommandSettings] Arg 'token': ''
[2025-05-05 19:11:47Z INFO CommandSettings] Flag 'unattended': 'False'
[2025-05-05 19:11:47Z INFO PromptManager] ReadValue
[2025-05-05 19:11:47Z INFO Terminal] WRITE: What is your runner register token? 
[2025-05-05 19:11:47Z INFO Terminal] READ SECRET
[2025-05-05 19:12:58Z INFO Terminal] Read value: '***'
[2025-05-05 19:12:59Z INFO ConfigurationManager] Http response code: OK from 'POST https://api.github.com/actions/runner-registration' (EAC9:189EF7:71902F:87E1BD:68190DB9)
[2025-05-05 19:12:59Z INFO ConfigurationManager] Using V2 flow: False
[2025-05-05 19:12:59Z INFO ConfigurationManager] cred retrieved via GitHub auth
[2025-05-05 19:12:59Z INFO RunnerServer] EstablishVssConnection
[2025-05-05 19:12:59Z INFO RunnerServer] Establish connection with 100 seconds timeout.
[2025-05-05 19:12:59Z INFO GitHubActionsService] Starting operation Location.GetConnectionData
[2025-05-05 19:12:59Z INFO RunnerServer] EstablishVssConnection
[2025-05-05 19:12:59Z INFO RunnerServer] Establish connection with 60 seconds timeout.
[2025-05-05 19:12:59Z INFO GitHubActionsService] Starting operation Location.GetConnectionData
[2025-05-05 19:12:59Z INFO RunnerServer] EstablishVssConnection
[2025-05-05 19:12:59Z INFO RunnerServer] Establish connection with 60 seconds timeout.
[2025-05-05 19:12:59Z INFO GitHubActionsService] Starting operation Location.GetConnectionData
[2025-05-05 19:13:01Z INFO GitHubActionsService] Finished operation Location.GetConnectionData
[2025-05-05 19:13:01Z INFO GitHubActionsService] Finished operation Location.GetConnectionData
[2025-05-05 19:13:01Z INFO GitHubActionsService] Finished operation Location.GetConnectionData
[2025-05-05 19:13:01Z INFO Terminal] WRITE LINE: 
[2025-05-05 19:13:01Z INFO ConfigurationManager] Test Connection complete.
[2025-05-05 19:13:01Z INFO HostContext] Well known directory 'Bin': 'E:\Database versioning using github actions\DB-migrations\actions-runner\bin'
[2025-05-05 19:13:01Z INFO HostContext] Well known directory 'Root': 'E:\Database versioning using github actions\DB-migrations\actions-runner'
[2025-05-05 19:13:01Z INFO HostContext] Well known config file 'RSACredentials': 'E:\Database versioning using github actions\DB-migrations\actions-runner\.credentials_rsaparams'
[2025-05-05 19:13:01Z INFO RSAEncryptedFileKeyManager] Creating new RSA key using 2048-bit key length
[2025-05-05 19:13:01Z INFO RSAEncryptedFileKeyManager] Successfully saved RSA key parameters to file E:\Database versioning using github actions\DB-migrations\actions-runner\.credentials_rsaparams
[2025-05-05 19:13:02Z INFO CommandSettings] Arg 'runnergroup': ''
[2025-05-05 19:13:02Z INFO CommandSettings] Flag 'unattended': 'False'
[2025-05-05 19:13:02Z INFO PromptManager] ReadValue
[2025-05-05 19:13:02Z INFO Terminal] WRITE: Enter the name of the runner group to add this runner to: 
[2025-05-05 19:13:02Z INFO Terminal] WRITE: [press Enter for Default] 
[2025-05-05 19:13:02Z INFO Terminal] READ LINE
[2025-05-05 19:21:38Z INFO Terminal] Read value: ''
[2025-05-05 19:21:38Z INFO PromptManager] Falling back to the default: 'Default'
[2025-05-05 19:21:38Z INFO Terminal] WRITE LINE: 
[2025-05-05 19:21:38Z INFO ConfigurationManager] Found a self-hosted runner group with id 1 and name Default
[2025-05-05 19:21:38Z INFO CommandSettings] Flag 'disableupdate': 'False'
[2025-05-05 19:21:38Z INFO CommandSettings] Flag 'ephemeral': 'False'
[2025-05-05 19:21:38Z INFO CommandSettings] Arg 'name': ''
[2025-05-05 19:21:38Z INFO CommandSettings] Flag 'unattended': 'False'
[2025-05-05 19:21:38Z INFO PromptManager] ReadValue
[2025-05-05 19:21:38Z INFO Terminal] WRITE: Enter the name of runner: 
[2025-05-05 19:21:38Z INFO Terminal] WRITE: [press Enter for COGNINE-L229] 
[2025-05-05 19:21:38Z INFO Terminal] READ LINE
[2025-05-05 19:21:46Z INFO Terminal] Read value: ''
[2025-05-05 19:21:46Z INFO PromptManager] Falling back to the default: 'COGNINE-L229'
[2025-05-05 19:21:46Z INFO Terminal] WRITE LINE: 
[2025-05-05 19:21:46Z INFO CommandSettings] Arg 'labels': ''
[2025-05-05 19:21:46Z INFO CommandSettings] Flag 'unattended': 'False'
[2025-05-05 19:21:46Z INFO PromptManager] ReadValue
[2025-05-05 19:21:46Z INFO Terminal] WRITE: This runner will have the following labels: 'self-hosted', 'Windows', 'X64' 
Enter any additional labels (ex. label-1,label-2): 
[2025-05-05 19:21:46Z INFO Terminal] WRITE: [press Enter to skip] 
[2025-05-05 19:21:46Z INFO Terminal] READ LINE
[2025-05-05 19:21:55Z INFO Terminal] Read value: ''
[2025-05-05 19:21:55Z INFO Terminal] WRITE LINE: 
[2025-05-05 19:21:57Z INFO CommandSettings] Flag 'disableupdate': 'False'
[2025-05-05 19:21:57Z INFO CommandSettings] Flag 'no-default-labels': 'False'
[2025-05-05 19:21:57Z INFO CommandSettings] Flag 'disableupdate': 'False'
[2025-05-05 19:21:57Z INFO CommandSettings] Flag 'ephemeral': 'False'
[2025-05-05 19:21:57Z INFO ConfigurationStore] Saving OAuth credential @ E:\Database versioning using github actions\DB-migrations\actions-runner\.credentials
[2025-05-05 19:21:57Z INFO ConfigurationStore] Credentials Saved.
[2025-05-05 19:21:57Z INFO ConfigurationStore] HasCredentials()
[2025-05-05 19:21:57Z INFO ConfigurationStore] stored True
[2025-05-05 19:21:57Z INFO CredentialManager] GetCredentialProvider
[2025-05-05 19:21:57Z INFO CredentialManager] Creating type OAuth
[2025-05-05 19:21:57Z INFO CredentialManager] Creating credential type: OAuth
[2025-05-05 19:21:57Z INFO RSAEncryptedFileKeyManager] Loading RSA key parameters from file E:\Database versioning using github actions\DB-migrations\actions-runner\.credentials_rsaparams
[2025-05-05 19:21:57Z INFO RunnerServer] EstablishVssConnection
[2025-05-05 19:21:57Z INFO RunnerServer] Establish connection with 100 seconds timeout.
[2025-05-05 19:21:57Z INFO GitHubActionsService] Starting operation Location.GetConnectionData
[2025-05-05 19:21:57Z INFO RunnerServer] EstablishVssConnection
[2025-05-05 19:21:57Z INFO RunnerServer] Establish connection with 60 seconds timeout.
[2025-05-05 19:21:57Z INFO GitHubActionsService] Starting operation Location.GetConnectionData
[2025-05-05 19:21:57Z INFO RunnerServer] EstablishVssConnection
[2025-05-05 19:21:57Z INFO RunnerServer] Establish connection with 60 seconds timeout.
[2025-05-05 19:21:57Z INFO GitHubActionsService] Starting operation Location.GetConnectionData
[2025-05-05 19:21:58Z INFO GitHubActionsService] Finished operation Location.GetConnectionData
[2025-05-05 19:21:58Z INFO GitHubActionsService] Finished operation Location.GetConnectionData
[2025-05-05 19:21:58Z INFO GitHubActionsService] Finished operation Location.GetConnectionData
[2025-05-05 19:21:59Z INFO RSAEncryptedFileKeyManager] Loading RSA key parameters from file E:\Database versioning using github actions\DB-migrations\actions-runner\.credentials_rsaparams
[2025-05-05 19:21:59Z INFO RSAEncryptedFileKeyManager] Loading RSA key parameters from file E:\Database versioning using github actions\DB-migrations\actions-runner\.credentials_rsaparams
[2025-05-05 19:22:00Z INFO GitHubActionsService] AAD Correlation ID for this token request: Unknown
[2025-05-05 19:22:01Z INFO CommandSettings] Arg 'work': ''
[2025-05-05 19:22:01Z INFO CommandSettings] Flag 'unattended': 'False'
[2025-05-05 19:22:01Z INFO PromptManager] ReadValue
[2025-05-05 19:22:01Z INFO Terminal] WRITE: Enter name of work folder: 
[2025-05-05 19:22:01Z INFO Terminal] WRITE: [press Enter for _work] 
[2025-05-05 19:22:01Z INFO Terminal] READ LINE
[2025-05-05 19:22:21Z INFO Terminal] Read value: ''
[2025-05-05 19:22:21Z INFO PromptManager] Falling back to the default: '_work'
[2025-05-05 19:22:21Z INFO ConfigurationStore] Saving runner settings.
[2025-05-05 19:22:21Z INFO ConfigurationStore] Settings Saved.
[2025-05-05 19:22:21Z INFO Terminal] WRITE LINE: 
[2025-05-05 19:22:21Z INFO Terminal] WRITE LINE: 
[2025-05-05 19:22:21Z INFO CommandSettings] Flag 'runasservice': 'False'
[2025-05-05 19:22:21Z INFO CommandSettings] Flag 'unattended': 'False'
[2025-05-05 19:22:21Z INFO PromptManager] ReadValue
[2025-05-05 19:22:21Z INFO Terminal] WRITE: Would you like to run the runner as service? (Y/N) 
[2025-05-05 19:22:21Z INFO Terminal] WRITE: [press Enter for N] 
[2025-05-05 19:22:21Z INFO Terminal] READ LINE
[2025-05-05 19:22:25Z INFO Terminal] Read value: ''
[2025-05-05 19:22:25Z INFO PromptManager] Falling back to the default: 'N'
[2025-05-05 19:22:25Z INFO Listener] Runner execution has finished with return code 0
